Parsed test spec with 2 sessions

starting permutation: s1a s2a s2b s2c s2d
step s1a: 
    SELECT CURRENT_USER;
    SELECT t FROM x;

current_user    
----------------
regress_sp_user1
(1 row)

t                         
--------------------------
data in regress_sp_user1.x
(1 row)

step s2a: 
    ALTER ROLE regress_sp_user1 RENAME TO regress_sp_user2;

step s2b: 
    ALTER ROLE regress_sp_user2 RENAME TO regress_sp_user1;

step s2c: 
    ALTER SCHEMA regress_sp_user1 RENAME TO regress_sp_user2;

step s2d: 
    ALTER SCHEMA regress_sp_user2 RENAME TO regress_sp_user1;


starting permutation: s2a s1a s2b s2c s2d
step s2a: 
    ALTER ROLE regress_sp_user1 RENAME TO regress_sp_user2;

step s1a: 
    SELECT CURRENT_USER;
    SELECT t FROM x;

current_user    
----------------
regress_sp_user2
(1 row)

t                          
---------------------------
data in regress_sp_public.x
(1 row)

step s2b: 
    ALTER ROLE regress_sp_user2 RENAME TO regress_sp_user1;

step s2c: 
    ALTER SCHEMA regress_sp_user1 RENAME TO regress_sp_user2;

step s2d: 
    ALTER SCHEMA regress_sp_user2 RENAME TO regress_sp_user1;


starting permutation: s2a s2b s1a s2c s2d
step s2a: 
    ALTER ROLE regress_sp_user1 RENAME TO regress_sp_user2;

step s2b: 
    ALTER ROLE regress_sp_user2 RENAME TO regress_sp_user1;

step s1a: 
    SELECT CURRENT_USER;
    SELECT t FROM x;

current_user    
----------------
regress_sp_user1
(1 row)

t                         
--------------------------
data in regress_sp_user1.x
(1 row)

step s2c: 
    ALTER SCHEMA regress_sp_user1 RENAME TO regress_sp_user2;

step s2d: 
    ALTER SCHEMA regress_sp_user2 RENAME TO regress_sp_user1;


starting permutation: s2a s2b s2c s1a s2d
step s2a: 
    ALTER ROLE regress_sp_user1 RENAME TO regress_sp_user2;

step s2b: 
    ALTER ROLE regress_sp_user2 RENAME TO regress_sp_user1;

step s2c: 
    ALTER SCHEMA regress_sp_user1 RENAME TO regress_sp_user2;

step s1a: 
    SELECT CURRENT_USER;
    SELECT t FROM x;

current_user    
----------------
regress_sp_user1
(1 row)

t                          
---------------------------
data in regress_sp_public.x
(1 row)

step s2d: 
    ALTER SCHEMA regress_sp_user2 RENAME TO regress_sp_user1;


starting permutation: s2a s2b s2c s2d s1a
step s2a: 
    ALTER ROLE regress_sp_user1 RENAME TO regress_sp_user2;

step s2b: 
    ALTER ROLE regress_sp_user2 RENAME TO regress_sp_user1;

step s2c: 
    ALTER SCHEMA regress_sp_user1 RENAME TO regress_sp_user2;

step s2d: 
    ALTER SCHEMA regress_sp_user2 RENAME TO regress_sp_user1;

step s1a: 
    SELECT CURRENT_USER;
    SELECT t FROM x;

current_user    
----------------
regress_sp_user1
(1 row)

t                         
--------------------------
data in regress_sp_user1.x
(1 row)

